2026-09-20 15:00:53,409  Platform: CUDA
2026-09-20 15:00:53,553    openmmtools context cache platform set to: CUDA
2026-09-20 15:00:53,553  Loading topology...
2026-09-20 15:00:53,766    System type  : protein only
2026-09-20 15:00:53,766    Total atoms  : 10227
2026-09-20 15:00:53,766    REST atoms   : 379  (protein = solute)
2026-09-20 15:00:53,766    Solvent atoms: 9848
2026-09-20 15:00:53,766  Temperature ladder (K):
2026-09-20 15:00:53,766    Replica  0: T_eff=300.0 K  lambda=1.0000
2026-09-20 15:00:53,766    Replica  1: T_eff=314.1 K  lambda=0.9773
2026-09-20 15:00:53,766    Replica  2: T_eff=329.1 K  lambda=0.9548
2026-09-20 15:00:53,766    Replica  3: T_eff=344.9 K  lambda=0.9326
2026-09-20 15:00:53,766    Replica  4: T_eff=361.8 K  lambda=0.9107
2026-09-20 15:00:53,766    Replica  5: T_eff=379.6 K  lambda=0.8890
2026-09-20 15:00:53,766    Replica  6: T_eff=398.5 K  lambda=0.8676
2026-09-20 15:00:53,766    Replica  7: T_eff=418.6 K  lambda=0.8466
2026-09-20 15:00:53,766    Replica  8: T_eff=439.9 K  lambda=0.8258
2026-09-20 15:00:53,766    Replica  9: T_eff=462.5 K  lambda=0.8054
2026-09-20 15:00:53,766    Replica 10: T_eff=486.4 K  lambda=0.7853
2026-09-20 15:00:53,766    Replica 11: T_eff=511.8 K  lambda=0.7656
2026-09-20 15:00:53,766    Replica 12: T_eff=538.8 K  lambda=0.7462
2026-09-20 15:00:53,766    Replica 13: T_eff=567.3 K  lambda=0.7272
2026-09-20 15:00:53,766    Replica 14: T_eff=597.6 K  lambda=0.7085
2026-09-20 15:00:53,766    Replica 15: T_eff=629.8 K  lambda=0.6902
2026-09-20 15:00:53,766    Replica 16: T_eff=663.9 K  lambda=0.6722
2026-09-20 15:00:53,766    Replica 17: T_eff=700.0 K  lambda=0.6547
2026-09-20 15:00:53,766  EQUILIBRATION (EM -> NPT -> NVT)
2026-09-20 15:00:53,766    System: PME, cutoff 1.0 nm, constraints HBonds, rigid water True, Ewald tolerance 0.0005, HMR 1.5 amu
2026-09-20 15:00:53,766  [1/3] EM + NPT (500000 steps, target 1.0 atm, Monte Carlo barostat, update every 25 steps)...
2026-09-20 15:03:49,896    NPT done.
2026-09-20 15:03:49,896  [2/3] NVT (500000 steps, target 300.0 K, thermostat: Langevin middle integrator)...
2026-09-20 15:03:50,630    Restraining 185 solute heavy atoms (k=4184.0 kJ/mol/nm^2).
2026-09-20 15:06:27,193  [3/3] Equilibration complete.
2026-09-20 15:06:27,194  Building REST system...
2026-09-20 15:06:28,277    REST system forces: ['CustomBondForce', 'CustomAngleForce', 'CustomTorsionForce', 'NonbondedForce', 'CMAPTorsionForce', 'CustomCompoundBondForce', 'CustomCompoundBondForce', 'CustomCompoundBondForce', 'CustomCompoundBondForce', 'CustomCompoundBondForce', 'CustomCompoundBondForce', 'CustomCompoundBondForce', 'CustomCompoundBondForce']
2026-09-20 15:06:28,277    REST atoms: 379
2026-09-20 15:06:28,277  Building thermodynamic states...
2026-09-20 15:06:28,575    State  0: T_eff=300.0 K  lambda_bonds=1.0000  lambda_elec=0.0000  lambda_ster=0.0000
2026-09-20 15:06:28,575    State  1: T_eff=314.1 K  lambda_bonds=0.9773  lambda_elec=-0.0227  lambda_ster=-0.0449
2026-09-20 15:06:28,575    State  2: T_eff=329.1 K  lambda_bonds=0.9548  lambda_elec=-0.0452  lambda_ster=-0.0883
2026-09-20 15:06:28,575    State  3: T_eff=344.9 K  lambda_bonds=0.9326  lambda_elec=-0.0674  lambda_ster=-0.1303
2026-09-20 15:06:28,575    State  4: T_eff=361.8 K  lambda_bonds=0.9107  lambda_elec=-0.0893  lambda_ster=-0.1707
2026-09-20 15:06:28,576    State  5: T_eff=379.6 K  lambda_bonds=0.8890  lambda_elec=-0.1110  lambda_ster=-0.2097
2026-09-20 15:06:28,576    State  6: T_eff=398.5 K  lambda_bonds=0.8676  lambda_elec=-0.1324  lambda_ster=-0.2472
2026-09-20 15:06:28,576    State  7: T_eff=418.6 K  lambda_bonds=0.8466  lambda_elec=-0.1534  lambda_ster=-0.2833
2026-09-20 15:06:28,576    State  8: T_eff=439.9 K  lambda_bonds=0.8258  lambda_elec=-0.1742  lambda_ster=-0.3180
2026-09-20 15:06:28,576    State  9: T_eff=462.5 K  lambda_bonds=0.8054  lambda_elec=-0.1946  lambda_ster=-0.3513
2026-09-20 15:06:28,576    State 10: T_eff=486.4 K  lambda_bonds=0.7853  lambda_elec=-0.2147  lambda_ster=-0.3832
2026-09-20 15:06:28,576    State 11: T_eff=511.8 K  lambda_bonds=0.7656  lambda_elec=-0.2344  lambda_ster=-0.4139
2026-09-20 15:06:28,576    State 12: T_eff=538.8 K  lambda_bonds=0.7462  lambda_elec=-0.2538  lambda_ster=-0.4432
2026-09-20 15:06:28,577    State 13: T_eff=567.3 K  lambda_bonds=0.7272  lambda_elec=-0.2728  lambda_ster=-0.4712
2026-09-20 15:06:28,577    State 14: T_eff=597.6 K  lambda_bonds=0.7085  lambda_elec=-0.2915  lambda_ster=-0.4980
2026-09-20 15:06:28,577    State 15: T_eff=629.8 K  lambda_bonds=0.6902  lambda_elec=-0.3098  lambda_ster=-0.5236
2026-09-20 15:06:28,577    State 16: T_eff=663.9 K  lambda_bonds=0.6722  lambda_elec=-0.3278  lambda_ster=-0.5481
2026-09-20 15:06:28,577    State 17: T_eff=700.0 K  lambda_bonds=0.6547  lambda_elec=-0.3453  lambda_ster=-0.5714
2026-09-20 15:06:28,577  Minimising each thermodynamic state...
2026-09-20 15:06:30,388    State  0: minimised.
2026-09-20 15:06:31,393    State  1: minimised.
2026-09-20 15:06:32,317    State  2: minimised.
2026-09-20 15:06:33,357    State  3: minimised.
2026-09-20 15:06:34,385    State  4: minimised.
2026-09-20 15:06:35,391    State  5: minimised.
2026-09-20 15:06:36,358    State  6: minimised.
2026-09-20 15:06:37,252    State  7: minimised.
2026-09-20 15:06:38,233    State  8: minimised.
2026-09-20 15:06:38,945    State  9: minimised.
2026-09-20 15:06:39,867    State 10: minimised.
2026-09-20 15:06:40,743    State 11: minimised.
2026-09-20 15:06:41,701    State 12: minimised.
2026-09-20 15:06:42,672    State 13: minimised.
2026-09-20 15:06:43,664    State 14: minimised.
2026-09-20 15:06:44,592    State 15: minimised.
2026-09-20 15:06:45,615    State 16: minimised.
2026-09-20 15:06:46,552    State 17: minimised.
2026-09-20 15:06:46,552  Setting up ReplicaExchangeSampler...
2026-09-20 15:06:46,566    Exchange scheme: Neighbor swap (Metropolis) (swap-neighbors)
2026-09-20 15:06:46,803    Replicas: 18
2026-09-20 15:06:46,803    Iterations: 10000
2026-09-20 15:06:46,803    Steps/iteration: 1000
2026-09-20 15:06:46,803    Storage: /home/vista/Documents/Yash/REMD_wild/output/test_hightemp/rest2_remd.nc
2026-09-20 15:06:46,803  REST2-REMD PRODUCTION
2026-09-20 15:06:46,803    T range         : 300 - 700 K (effective solute)
2026-09-20 15:06:46,803    REST atoms      : 379  (protein)
2026-09-20 15:06:46,803    Iterations      : 10000  x  1000 steps
2026-09-20 15:06:46,803    Total MD/replica: 20.0 ns
2026-09-20 15:26:41,309    Progress: 200/10000 iterations (2.0%) - elapsed 19.9 min, ETA 975.5 min
2026-09-20 15:46:32,931    Progress: 400/10000 iterations (4.0%) - elapsed 39.8 min, ETA 954.5 min
2026-09-20 16:06:24,670    Progress: 600/10000 iterations (6.0%) - elapsed 59.6 min, ETA 934.2 min
2026-09-20 16:26:16,188    Progress: 800/10000 iterations (8.0%) - elapsed 79.5 min, ETA 914.1 min
2026-09-20 16:46:07,548    Progress: 1000/10000 iterations (10.0%) - elapsed 99.3 min, ETA 894.1 min
2026-09-20 17:06:00,279    Progress: 1200/10000 iterations (12.0%) - elapsed 119.2 min, ETA 874.3 min
2026-09-20 17:26:11,707    Progress: 1400/10000 iterations (14.0%) - elapsed 139.4 min, ETA 856.4 min
2026-09-20 17:46:05,909    Progress: 1600/10000 iterations (16.0%) - elapsed 159.3 min, ETA 836.4 min
2026-09-20 18:05:57,314    Progress: 1800/10000 iterations (18.0%) - elapsed 179.2 min, ETA 816.2 min
2026-09-20 18:25:48,408    Progress: 2000/10000 iterations (20.0%) - elapsed 199.0 min, ETA 796.1 min
2026-09-20 18:45:40,089    Progress: 2200/10000 iterations (22.0%) - elapsed 218.9 min, ETA 776.1 min
2026-09-20 19:05:32,046    Progress: 2400/10000 iterations (24.0%) - elapsed 238.8 min, ETA 756.1 min
2026-09-20 19:25:23,972    Progress: 2600/10000 iterations (26.0%) - elapsed 258.6 min, ETA 736.1 min
2026-09-20 19:45:16,027    Progress: 2800/10000 iterations (28.0%) - elapsed 278.5 min, ETA 716.1 min
2026-09-20 20:05:08,009    Progress: 3000/10000 iterations (30.0%) - elapsed 298.4 min, ETA 696.2 min
2026-09-20 20:24:59,657    Progress: 3200/10000 iterations (32.0%) - elapsed 318.2 min, ETA 676.2 min
2026-09-20 20:44:51,103    Progress: 3400/10000 iterations (34.0%) - elapsed 338.1 min, ETA 656.3 min
2026-09-20 21:04:42,921    Progress: 3600/10000 iterations (36.0%) - elapsed 357.9 min, ETA 636.3 min
2026-09-20 21:24:34,777    Progress: 3800/10000 iterations (38.0%) - elapsed 377.8 min, ETA 616.4 min
2026-09-20 21:44:26,492    Progress: 4000/10000 iterations (40.0%) - elapsed 397.7 min, ETA 596.5 min
2026-09-20 22:04:18,433    Progress: 4200/10000 iterations (42.0%) - elapsed 417.5 min, ETA 576.6 min
2026-09-20 22:24:10,358    Progress: 4400/10000 iterations (44.0%) - elapsed 437.4 min, ETA 556.7 min
2026-09-20 22:44:01,991    Progress: 4600/10000 iterations (46.0%) - elapsed 457.3 min, ETA 536.8 min
2026-09-20 23:03:53,428    Progress: 4800/10000 iterations (48.0%) - elapsed 477.1 min, ETA 516.9 min
2026-09-20 23:23:44,707    Progress: 5000/10000 iterations (50.0%) - elapsed 497.0 min, ETA 497.0 min
2026-09-20 23:43:36,137    Progress: 5200/10000 iterations (52.0%) - elapsed 516.8 min, ETA 477.1 min
2026-09-21 00:03:28,825    Progress: 5400/10000 iterations (54.0%) - elapsed 536.7 min, ETA 457.2 min
2026-09-21 00:23:20,515    Progress: 5600/10000 iterations (56.0%) - elapsed 556.6 min, ETA 437.3 min
2026-09-21 00:43:12,052    Progress: 5800/10000 iterations (58.0%) - elapsed 576.4 min, ETA 417.4 min
2026-09-21 01:03:03,661    Progress: 6000/10000 iterations (60.0%) - elapsed 596.3 min, ETA 397.5 min
2026-09-21 01:22:55,222    Progress: 6200/10000 iterations (62.0%) - elapsed 616.1 min, ETA 377.6 min
2026-09-21 01:42:46,922    Progress: 6400/10000 iterations (64.0%) - elapsed 636.0 min, ETA 357.8 min
2026-09-21 02:02:39,153    Progress: 6600/10000 iterations (66.0%) - elapsed 655.9 min, ETA 337.9 min
2026-09-21 02:22:31,491    Progress: 6800/10000 iterations (68.0%) - elapsed 675.7 min, ETA 318.0 min
2026-09-21 02:42:23,319    Progress: 7000/10000 iterations (70.0%) - elapsed 695.6 min, ETA 298.1 min
2026-09-21 03:02:15,071    Progress: 7200/10000 iterations (72.0%) - elapsed 715.5 min, ETA 278.2 min
2026-09-21 03:22:08,631    Progress: 7400/10000 iterations (74.0%) - elapsed 735.4 min, ETA 258.4 min
2026-09-21 03:42:01,902    Progress: 7600/10000 iterations (76.0%) - elapsed 755.3 min, ETA 238.5 min
2026-09-21 04:01:55,264    Progress: 7800/10000 iterations (78.0%) - elapsed 775.1 min, ETA 218.6 min
2026-09-21 04:21:48,772    Progress: 8000/10000 iterations (80.0%) - elapsed 795.0 min, ETA 198.8 min
2026-09-21 04:41:42,369    Progress: 8200/10000 iterations (82.0%) - elapsed 814.9 min, ETA 178.9 min
2026-09-21 05:01:36,004    Progress: 8400/10000 iterations (84.0%) - elapsed 834.8 min, ETA 159.0 min
2026-09-21 05:21:29,782    Progress: 8600/10000 iterations (86.0%) - elapsed 854.7 min, ETA 139.1 min
2026-09-21 05:41:23,361    Progress: 8800/10000 iterations (88.0%) - elapsed 874.6 min, ETA 119.3 min
2026-09-21 06:01:17,053    Progress: 9000/10000 iterations (90.0%) - elapsed 894.5 min, ETA 99.4 min
2026-09-21 06:21:10,714    Progress: 9200/10000 iterations (92.0%) - elapsed 914.4 min, ETA 79.5 min
2026-09-21 06:41:04,494    Progress: 9400/10000 iterations (94.0%) - elapsed 934.3 min, ETA 59.6 min
2026-09-21 07:00:58,115    Progress: 9600/10000 iterations (96.0%) - elapsed 954.2 min, ETA 39.8 min
2026-09-21 07:20:51,817    Progress: 9800/10000 iterations (98.0%) - elapsed 974.1 min, ETA 19.9 min
2026-09-21 07:40:45,620    Progress: 10000/10000 iterations (100.0%) - elapsed 994.0 min, ETA 0.0 min
2026-09-21 07:40:45,620  REST2-REMD COMPLETE
2026-09-21 07:40:45,620  Output: /home/vista/Documents/Yash/REMD_wild/output/test_hightemp/rest2_remd.nc
